// Jest Snapshot v1, https://goo.gl/fbAQLP

exports[`renders correctly 1`] = `
<View
  accessibilityIgnoresInvertColors={true}
  style={
    Object {
      "backgroundColor": "#ffffff",
      "flex": 1,
      "width": "100%",
    }
  }
>
  <Image
    resizeMode="repeat"
    style={
      Array [
        Object {
          "bottom": 0,
          "left": 0,
          "position": "absolute",
          "right": 0,
          "top": 0,
        },
        Object {
          "height": undefined,
          "width": "100%",
        },
        undefined,
      ]
    }
  />
  <View
    onLayout={[Function]}
    style={
      Array [
        Object {
          "alignItems": "center",
          "alignSelf": "center",
          "flex": 1,
          "justifyContent": "center",
          "maxWidth": 340,
          "padding": 20,
          "width": "100%",
        },
        Object {
          "paddingBottom": 0,
        },
      ]
    }
  />
</View>
`;
