// Jest Snapshot v1, https://goo.gl/fbAQLP

exports[`renders correctly 1`] = `
<Image
  source={1}
  style={
    Object {
      "height": 110,
      "marginBottom": 8,
      "width": 110,
    }
  }
/>
`;
