// Jest Snapshot v1, https://goo.gl/fbAQLP

exports[`renders correctly 1`] = `
<View
  style={
    Object {
      "backgroundColor": "#e1e4e8",
    }
  }
>
  <Image
    blurRadius={1}
    onLoad={[Function]}
    style={
      Object {
        "opacity": 0,
      }
    }
  />
  <Image
    onLoad={[Function]}
    style={
      Object {
        "bottom": 0,
        "left": 0,
        "opacity": 0,
        "position": "absolute",
        "right": 0,
        "top": 0,
      }
    }
  />
</View>
`;
