// Jest Snapshot v1, https://goo.gl/fbAQLP

exports[`renders correctly 1`] = `
<View
  style={
    Object {
      "backgroundColor": "#FFFFFF",
      "borderColor": "#ff8c00",
      "borderWidth": 1,
      "flexDirection": "row",
      "margin": 5,
    }
  }
>
  <TextInput
    allowFontScaling={true}
    onChangeText={[Function]}
    placeholder="Search Here"
    rejectResponderTermination={true}
    style={
      Object {
        "flex": 1,
        "height": 40,
        "paddingLeft": 20,
      }
    }
    underlineColorAndroid="transparent"
  />
  <View
    accessible={true}
    focusable={true}
    onClick={[Function]}
    onResponderGrant={[Function]}
    onResponderMove={[Function]}
    onResponderRelease={[Function]}
    onResponderTerminate={[Function]}
    onResponderTerminationRequest={[Function]}
    onStartShouldSetResponder={[Function]}
    style={
      Object {
        "alignItems": "center",
        "justifyContent": "center",
        "marginRight": 10,
        "opacity": 1,
      }
    }
  >
    <Image
      source={1}
      style={
        Object {
          "height": 20,
          "width": 20,
        }
      }
    />
  </View>
</View>
`;
