// Jest Snapshot v1, https://goo.gl/fbAQLP

exports[`renders correctly 1`] = `
<View>
  <View
    style={
      Object {
        "alignItems": "center",
      }
    }
  >
    <Text
      style={
        Object {
          "color": "crimson",
          "flexWrap": "wrap",
          "fontSize": 18,
          "margin": 6,
          "paddingLeft": 10,
          "width": 750,
        }
      }
    >
      Post ID: 
      11111
    </Text>
    <View
      style={
        Object {
          "backgroundColor": "rgba(0,0,0,0.5)",
          "height": 2,
          "marginLeft": 10,
          "marginRight": 10,
          "width": 750,
        }
      }
    />
    <View
      style={
        Array [
          Object {
            "backgroundColor": "#f8f8f8",
            "borderRadius": 10,
            "marginBottom": 20,
            "width": "100%",
          },
        ]
      }
    >
      <View
        style={
          Object {
            "alignItems": "center",
            "flexDirection": "row",
            "width": 750,
          }
        }
      >
        <View
          style={
            Object {
              "width": 360,
            }
          }
          testID="user"
        >
          <View
            style={
              Array [
                Object {
                  "flexDirection": "row",
                  "justifyContent": "flex-start",
                  "paddingBottom": 15,
                  "paddingLeft": 15,
                  "paddingRight": 15,
                  "paddingTop": 15,
                },
              ]
            }
          >
            <Image
              source={
                Object {
                  "uri": "https://firebasestorage.googleapis.com/v0/b/orbital2021-a4766.appspot.com/o/profile%2Fplaceholder.png?alt=media&token=8050b8f8-493f-4e12-8fe3-6f44bb544460",
                }
              }
              style={
                Array [
                  Object {
                    "borderRadius": 25,
                    "height": 50,
                    "width": 50,
                  },
                ]
              }
            />
            <View
              style={
                Array [
                  Object {
                    "flexDirection": "column",
                    "justifyContent": "center",
                    "marginLeft": 10,
                  },
                ]
              }
            >
              <Text
                style={
                  Array [
                    Object {
                      "fontSize": 14,
                      "fontWeight": "bold",
                    },
                  ]
                }
              >
                Anonymous User
              </Text>
              <Text
                style={
                  Array [
                    Object {
                      "color": "#666",
                      "fontSize": 12,
                    },
                  ]
                }
                testID="time"
              >
                
              </Text>
            </View>
          </View>
        </View>
      </View>
      <Text
        style={
          Array [
            Object {
              "fontSize": 14,
              "marginBottom": 15,
              "paddingLeft": 15,
              "paddingRight": 15,
            },
          ]
        }
        testID="post"
      >
        ---Deleted Post---
      </Text>
      <View
        style={
          Array [
            Object {
              "alignSelf": "center",
              "borderBottomColor": "#dddddd",
              "borderBottomWidth": 1,
              "marginTop": 15,
              "width": "92%",
            },
          ]
        }
      />
      <View
        style={
          Object {
            "alignItems": "center",
            "flexDirection": "row",
            "justifyContent": "center",
            "padding": 4,
          }
        }
      >
        <View
          style={
            Object {
              "alignItems": "center",
              "flexDirection": "row",
              "justifyContent": "center",
              "padding": 4,
            }
          }
        >
          <Text
            style={
              Object {
                "fontSize": 16,
              }
            }
          >
            0 Likes
          </Text>
        </View>
      </View>
    </View>
    <View
      style={
        Object {
          "alignItems": "center",
          "flexDirection": "row",
          "height": 50,
          "justifyContent": "center",
          "marginVertical": 10,
          "width": "100%",
        }
      }
    >
      <View
        accessible={true}
        focusable={true}
        onClick={[Function]}
        onResponderGrant={[Function]}
        onResponderMove={[Function]}
        onResponderRelease={[Function]}
        onResponderTerminate={[Function]}
        onResponderTerminationRequest={[Function]}
        onStartShouldSetResponder={[Function]}
        style={
          Object {
            "alignItems": "center",
            "backgroundColor": "darkorange",
            "borderRadius": 30,
            "height": 50,
            "justifyContent": "center",
            "opacity": 1,
            "width": "50%",
          }
        }
      >
        <Text
          style={
            Object {
              "color": "white",
              "fontSize": 18,
            }
          }
        >
          View Full Post
        </Text>
      </View>
    </View>
    <View
      style={
        Object {
          "alignItems": "center",
          "flexDirection": "row",
          "height": 50,
          "justifyContent": "center",
          "marginVertical": 10,
          "width": "100%",
        }
      }
    >
      <View
        accessible={true}
        focusable={true}
        onClick={[Function]}
        onResponderGrant={[Function]}
        onResponderMove={[Function]}
        onResponderRelease={[Function]}
        onResponderTerminate={[Function]}
        onResponderTerminationRequest={[Function]}
        onStartShouldSetResponder={[Function]}
        style={
          Object {
            "alignItems": "center",
            "backgroundColor": "darkorange",
            "borderRadius": 30,
            "height": 50,
            "justifyContent": "center",
            "opacity": 1,
            "width": "50%",
          }
        }
      >
        <Text
          style={
            Object {
              "color": "white",
              "fontSize": 18,
            }
          }
        >
          View Profile
        </Text>
      </View>
    </View>
    <View
      style={
        Object {
          "backgroundColor": "rgba(0,0,0,0.5)",
          "height": 2,
          "marginLeft": 10,
          "marginRight": 10,
          "width": 750,
        }
      }
    />
  </View>
  <Text
    style={
      Object {
        "fontSize": 20,
        "marginBottom": 10,
        "marginTop": 10,
        "paddingLeft": 20,
      }
    }
  >
    Reporters:
  </Text>
</View>
`;
